Nothing to build in platform 'system_wrapper'

16:11:42 **** Incremental Build of configuration Debug for project Mini_ctrl_brd_zynq ****
make all 
make --no-print-directory pre-build
a9-linaro-pre-build-step
' '
make --no-print-directory main-build
'Building file: ../src/main.c'
'Invoking: ARM v7 gcc compiler'
arm-none-eabi-gcc -Wall -O0 -g3 -c -fmessage-length=0 -MT"src/main.o" -mcpu=cortex-a9 -mfpu=vfpv3 -mfloat-abi=hard -ID:/ASUS-PC/Desktop/temporary/Mini_ctrl_brd_zynq/Vitis/system_wrapper/export/system_wrapper/sw/system_wrapper/freertos10_xilinx_ps7_cortexa9_0/bspinclude/include -MMD -MP -MF"src/main.d" -MT"src/main.o" -o "src/main.o" "../src/main.c"
'Finished building: ../src/main.c'
' '
'Building target: Mini_ctrl_brd_zynq.elf'
'Invoking: ARM v7 gcc linker'
arm-none-eabi-gcc -mcpu=cortex-a9 -mfpu=vfpv3 -mfloat-abi=hard -Wl,-build-id=none -specs=Xilinx.spec -Wl,-T -Wl,../src/lscript.ld -LD:/ASUS-PC/Desktop/temporary/Mini_ctrl_brd_zynq/Vitis/system_wrapper/export/system_wrapper/sw/system_wrapper/freertos10_xilinx_ps7_cortexa9_0/bsplib/lib -o "Mini_ctrl_brd_zynq.elf"  ./src/Lwip_Receive.o ./src/emmc_rw.o ./src/freertos_tcp_perf_server.o ./src/main.o   -Wl,--start-group,-lxil,-lfreertos,-lgcc,-lc,--end-group -Wl,--start-group,-lxil,-llwip4,-lgcc,-lc,--end-group -Wl,--start-group,-lxilffs,-lxil,-lgcc,-lc,--end-group
'Finished building target: Mini_ctrl_brd_zynq.elf'
' '
'Invoking: ARM v7 Print Size'
arm-none-eabi-size Mini_ctrl_brd_zynq.elf  |tee "Mini_ctrl_brd_zynq.elf.size"
   text	   data	    bss	    dec	    hex	filename
 293060	   3540	33629120	33925720	205aa58	Mini_ctrl_brd_zynq.elf
'Finished building: Mini_ctrl_brd_zynq.elf.size'
' '
16:11:43 **** Incremental Build of configuration Debug for project Mini_ctrl_brd_zynq_system ****
make all 
Generating bif file for the system project
generate_system_bif.bat 63296 D:/ASUS-PC/Desktop/temporary/Mini_ctrl_brd_zynq/Vitis/system_wrapper/export/system_wrapper/system_wrapper.xpfm freertos10_xilinx_ps7_cortexa9_0 D:/ASUS-PC/Desktop/temporary/Mini_ctrl_brd_zynq/Vitis/Mini_ctrl_brd_zynq_system/Debug/system.bif
sdcard_gen --xpfm D:/ASUS-PC/Desktop/temporary/Mini_ctrl_brd_zynq/Vitis/system_wrapper/export/system_wrapper/system_wrapper.xpfm --sys_config system_wrapper --bif D:/ASUS-PC/Desktop/temporary/Mini_ctrl_brd_zynq/Vitis/Mini_ctrl_brd_zynq_system/Debug/system.bif --bitstream D:/ASUS-PC/Desktop/temporary/Mini_ctrl_brd_zynq/Vitis/Mini_ctrl_brd_zynq/_ide/bitstream/system_wrapper.bit --elf D:/ASUS-PC/Desktop/temporary/Mini_ctrl_brd_zynq/Vitis/Mini_ctrl_brd_zynq/Debug/Mini_ctrl_brd_zynq.elf,ps7_cortexa9_0
creating BOOT.BIN using D:/ASUS-PC/Desktop/temporary/Mini_ctrl_brd_zynq/Vitis/Mini_ctrl_brd_zynq/_ide/bitstream/system_wrapper.bit
Running E:/Xilinx2021/Vitis/2021.1/bin/bootgen  -image D:/ASUS-PC/Desktop/temporary/Mini_ctrl_brd_zynq/Vitis/Mini_ctrl_brd_zynq_system/Debug/sd_card_temp/boot.bif -w -o i BOOT.BIN
