16:56:33 **** Incremental Build of configuration Debug for project Mini_ctrl_brd_zynq ****
make all 
make --no-print-directory pre-build
a9-linaro-pre-build-step
' '
make --no-print-directory main-build
'Building file: ../src/Lwip_Receive.c'
'Invoking: ARM v7 gcc compiler'
arm-none-eabi-gcc -Wall -O0 -g3 -c -fmessage-length=0 -MT"src/Lwip_Receive.o" -mcpu=cortex-a9 -mfpu=vfpv3 -mfloat-abi=hard -ID:/ASUS-PC/Desktop/temporary/Mini_ctrl_brd_zynq/Vitis/system_wrapper/export/system_wrapper/sw/system_wrapper/freertos10_xilinx_ps7_cortexa9_0/bspinclude/include -MMD -MP -MF"src/Lwip_Receive.d" -MT"src/Lwip_Receive.o" -o "src/Lwip_Receive.o" "../src/Lwip_Receive.c"
'Finished building: ../src/Lwip_Receive.c'
' '
'Building file: ../src/emmc_rw.c'
'Invoking: ARM v7 gcc compiler'
arm-none-eabi-gcc -Wall -O0 -g3 -c -fmessage-length=0 -MT"src/emmc_rw.o" -mcpu=cortex-a9 -mfpu=vfpv3 -mfloat-abi=hard -ID:/ASUS-PC/Desktop/temporary/Mini_ctrl_brd_zynq/Vitis/system_wrapper/export/system_wrapper/sw/system_wrapper/freertos10_xilinx_ps7_cortexa9_0/bspinclude/include -MMD -MP -MF"src/emmc_rw.d" -MT"src/emmc_rw.o" -o "src/emmc_rw.o" "../src/emmc_rw.c"
../src/emmc_rw.c: In function 'emmc_rw':
../src/emmc_rw.c:116:18: warning: pointer targets in passing argument 1 of 'strlen' differ in signedness [-Wpointer-sign]
  116 |     len = strlen(src_str);         //¼ÆËã×Ö·û´®³¤¶È
      |                  ^~~~~~~
      |                  |
      |                  const uint8_t * {aka const unsigned char *}
In file included from D:/ASUS-PC/Desktop/temporary/Mini_ctrl_brd_zynq/Vitis/system_wrapper/export/system_wrapper/sw/system_wrapper/freertos10_xilinx_ps7_cortexa9_0/bspinclude/include/xil_printf.h:13,
                 from D:/ASUS-PC/Desktop/temporary/Mini_ctrl_brd_zynq/Vitis/system_wrapper/export/system_wrapper/sw/system_wrapper/freertos10_xilinx_ps7_cortexa9_0/bspinclude/include/xil_io.h:49,
                 from D:/ASUS-PC/Desktop/temporary/Mini_ctrl_brd_zynq/Vitis/system_wrapper/export/system_wrapper/sw/system_wrapper/freertos10_xilinx_ps7_cortexa9_0/bspinclude/include/sleep.h:30,
                 from ../src/main.h:4,
                 from ../src/emmc_rw.h:5,
                 from ../src/emmc_rw.c:3:
e:\xilinx2021\vitis\2021.1\gnu\aarch32\nt\gcc-arm-none-eabi\aarch32-xilinx-eabi\usr\include\string.h:41:17: note: expected 'const char *' but argument is of type 'const uint8_t *' {aka 'const unsigned char *'}
   41 | size_t  strlen (const char *);
      |                 ^~~~~~~~~~~~
../src/emmc_rw.c:124:16: warning: pointer targets in passing argument 1 of 'strcmp' differ in signedness [-Wpointer-sign]
  124 |     if (strcmp(src_str, dest_str) == 0)
      |                ^~~~~~~
      |                |
      |                const uint8_t * {aka const unsigned char *}
In file included from D:/ASUS-PC/Desktop/temporary/Mini_ctrl_brd_zynq/Vitis/system_wrapper/export/system_wrapper/sw/system_wrapper/freertos10_xilinx_ps7_cortexa9_0/bspinclude/include/xil_printf.h:13,
                 from D:/ASUS-PC/Desktop/temporary/Mini_ctrl_brd_zynq/Vitis/system_wrapper/export/system_wrapper/sw/system_wrapper/freertos10_xilinx_ps7_cortexa9_0/bspinclude/include/xil_io.h:49,
                 from D:/ASUS-PC/Desktop/temporary/Mini_ctrl_brd_zynq/Vitis/system_wrapper/export/system_wrapper/sw/system_wrapper/freertos10_xilinx_ps7_cortexa9_0/bspinclude/include/sleep.h:30,
                 from ../src/main.h:4,
                 from ../src/emmc_rw.h:5,
                 from ../src/emmc_rw.c:3:
e:\xilinx2021\vitis\2021.1\gnu\aarch32\nt\gcc-arm-none-eabi\aarch32-xilinx-eabi\usr\include\string.h:36:14: note: expected 'const char *' but argument is of type 'const uint8_t *' {aka 'const unsigned char *'}
   36 | int  strcmp (const char *, const char *);
      |              ^~~~~~~~~~~~
../src/emmc_rw.c:124:25: warning: pointer targets in passing argument 2 of 'strcmp' differ in signedness [-Wpointer-sign]
  124 |     if (strcmp(src_str, dest_str) == 0)
      |                         ^~~~~~~~
      |                         |
      |                         uint8_t * {aka unsigned char *}
In file included from D:/ASUS-PC/Desktop/temporary/Mini_ctrl_brd_zynq/Vitis/system_wrapper/export/system_wrapper/sw/system_wrapper/freertos10_xilinx_ps7_cortexa9_0/bspinclude/include/xil_printf.h:13,
                 from D:/ASUS-PC/Desktop/temporary/Mini_ctrl_brd_zynq/Vitis/system_wrapper/export/system_wrapper/sw/system_wrapper/freertos10_xilinx_ps7_cortexa9_0/bspinclude/include/xil_io.h:49,
                 from D:/ASUS-PC/Desktop/temporary/Mini_ctrl_brd_zynq/Vitis/system_wrapper/export/system_wrapper/sw/system_wrapper/freertos10_xilinx_ps7_cortexa9_0/bspinclude/include/sleep.h:30,
                 from ../src/main.h:4,
                 from ../src/emmc_rw.h:5,
                 from ../src/emmc_rw.c:3:
e:\xilinx2021\vitis\2021.1\gnu\aarch32\nt\gcc-arm-none-eabi\aarch32-xilinx-eabi\usr\include\string.h:36:28: note: expected 'const char *' but argument is of type 'uint8_t *' {aka 'unsigned char *'}
   36 | int  strcmp (const char *, const char *);
      |                            ^~~~~~~~~~~~
'Finished building: ../src/emmc_rw.c'
' '
'Building file: ../src/freertos_tcp_perf_server.c'
'Invoking: ARM v7 gcc compiler'
arm-none-eabi-gcc -Wall -O0 -g3 -c -fmessage-length=0 -MT"src/freertos_tcp_perf_server.o" -mcpu=cortex-a9 -mfpu=vfpv3 -mfloat-abi=hard -ID:/ASUS-PC/Desktop/temporary/Mini_ctrl_brd_zynq/Vitis/system_wrapper/export/system_wrapper/sw/system_wrapper/freertos10_xilinx_ps7_cortexa9_0/bspinclude/include -MMD -MP -MF"src/freertos_tcp_perf_server.d" -MT"src/freertos_tcp_perf_server.o" -o "src/freertos_tcp_perf_server.o" "../src/freertos_tcp_perf_server.c"
'Finished building: ../src/freertos_tcp_perf_server.c'
' '
'Building file: ../src/main.c'
'Invoking: ARM v7 gcc compiler'
arm-none-eabi-gcc -Wall -O0 -g3 -c -fmessage-length=0 -MT"src/main.o" -mcpu=cortex-a9 -mfpu=vfpv3 -mfloat-abi=hard -ID:/ASUS-PC/Desktop/temporary/Mini_ctrl_brd_zynq/Vitis/system_wrapper/export/system_wrapper/sw/system_wrapper/freertos10_xilinx_ps7_cortexa9_0/bspinclude/include -MMD -MP -MF"src/main.d" -MT"src/main.o" -o "src/main.o" "../src/main.c"
'Finished building: ../src/main.c'
' '
'Building file: ../src/wdt_hdl.c'
'Invoking: ARM v7 gcc compiler'
arm-none-eabi-gcc -Wall -O0 -g3 -c -fmessage-length=0 -MT"src/wdt_hdl.o" -mcpu=cortex-a9 -mfpu=vfpv3 -mfloat-abi=hard -ID:/ASUS-PC/Desktop/temporary/Mini_ctrl_brd_zynq/Vitis/system_wrapper/export/system_wrapper/sw/system_wrapper/freertos10_xilinx_ps7_cortexa9_0/bspinclude/include -MMD -MP -MF"src/wdt_hdl.d" -MT"src/wdt_hdl.o" -o "src/wdt_hdl.o" "../src/wdt_hdl.c"
In file included from D:/ASUS-PC/Desktop/temporary/Mini_ctrl_brd_zynq/Vitis/system_wrapper/export/system_wrapper/sw/system_wrapper/freertos10_xilinx_ps7_cortexa9_0/bspinclude/include/xscuwdt.h:118,
                 from ../src/wdt_hdl.h:4,
                 from ../src/wdt_hdl.c:1:
../src/wdt_hdl.c: In function 'Wdt_Init':
../src/wdt_hdl.h:13:67: warning: integer overflow in expression of type 'int' results in '-961633866' [-Woverflow]
   13 | #define WDT_LOAD_VALUE  (XPAR_CPU_CORTEXA9_0_CPU_CLK_FREQ_HZ / 2) * WDT_TIMEOUT_SEC
      |                                                                   ^
D:/ASUS-PC/Desktop/temporary/Mini_ctrl_brd_zynq/Vitis/system_wrapper/export/system_wrapper/sw/system_wrapper/freertos10_xilinx_ps7_cortexa9_0/bspinclude/include/xscuwdt_hw.h:145:49: note: in definition of macro 'XScuWdt_WriteReg'
  145 |  Xil_Out32((BaseAddr) + ((u32)RegOffset), ((u32)Data))
      |                                                 ^~~~
../src/wdt_hdl.c:27:5: note: in expansion of macro 'XScuWdt_LoadWdt'
   27 |     XScuWdt_LoadWdt(InstancePtr, WDT_LOAD_VALUE);
      |     ^~~~~~~~~~~~~~~
../src/wdt_hdl.c:27:34: note: in expansion of macro 'WDT_LOAD_VALUE'
   27 |     XScuWdt_LoadWdt(InstancePtr, WDT_LOAD_VALUE);
      |                                  ^~~~~~~~~~~~~~
'Finished building: ../src/wdt_hdl.c'
' '
'Building target: Mini_ctrl_brd_zynq.elf'
'Invoking: ARM v7 gcc linker'
arm-none-eabi-gcc -mcpu=cortex-a9 -mfpu=vfpv3 -mfloat-abi=hard -Wl,-build-id=none -specs=Xilinx.spec -Wl,-T -Wl,../src/lscript.ld -LD:/ASUS-PC/Desktop/temporary/Mini_ctrl_brd_zynq/Vitis/system_wrapper/export/system_wrapper/sw/system_wrapper/freertos10_xilinx_ps7_cortexa9_0/bsplib/lib -o "Mini_ctrl_brd_zynq.elf"  ./src/Lwip_Receive.o ./src/emmc_rw.o ./src/freertos_tcp_perf_server.o ./src/main.o ./src/wdt_hdl.o   -Wl,--start-group,-lxil,-lfreertos,-lgcc,-lc,--end-group -Wl,--start-group,-lxil,-llwip4,-lgcc,-lc,--end-group -Wl,--start-group,-lxilffs,-lxil,-lgcc,-lc,--end-group
'Finished building target: Mini_ctrl_brd_zynq.elf'
' '
'Invoking: ARM v7 Print Size'
arm-none-eabi-size Mini_ctrl_brd_zynq.elf  |tee "Mini_ctrl_brd_zynq.elf.size"
   text	   data	    bss	    dec	    hex	filename
 289248	   3452	61940672	62233372	3b59b1c	Mini_ctrl_brd_zynq.elf
'Finished building: Mini_ctrl_brd_zynq.elf.size'
' '

16:56:37 Build Finished (took 3s.995ms)

