15:21:39 **** Incremental Build of configuration Debug for project Mini_ctrl_brd_zynq ****
make all 
make --no-print-directory pre-build
a9-linaro-pre-build-step
' '
make --no-print-directory main-build
'Building file: ../src/Lwip_Receive.c'
'Invoking: ARM v7 gcc compiler'
arm-none-eabi-gcc -Wall -O0 -g3 -c -fmessage-length=0 -MT"src/Lwip_Receive.o" -mcpu=cortex-a9 -mfpu=vfpv3 -mfloat-abi=hard -ID:/ASUS-PC/Desktop/temporary/Vivado2021/Mini_ctrl_brd_zynq/Vitis/system_wrapper/export/system_wrapper/sw/system_wrapper/freertos10_xilinx_ps7_cortexa9_0/bspinclude/include -MMD -MP -MF"src/Lwip_Receive.d" -MT"src/Lwip_Receive.o" -o "src/Lwip_Receive.o" "../src/Lwip_Receive.c"
'Finished building: ../src/Lwip_Receive.c'
' '
'Building file: ../src/freertos_tcp_perf_server.c'
'Invoking: ARM v7 gcc compiler'
arm-none-eabi-gcc -Wall -O0 -g3 -c -fmessage-length=0 -MT"src/freertos_tcp_perf_server.o" -mcpu=cortex-a9 -mfpu=vfpv3 -mfloat-abi=hard -ID:/ASUS-PC/Desktop/temporary/Vivado2021/Mini_ctrl_brd_zynq/Vitis/system_wrapper/export/system_wrapper/sw/system_wrapper/freertos10_xilinx_ps7_cortexa9_0/bspinclude/include -MMD -MP -MF"src/freertos_tcp_perf_server.d" -MT"src/freertos_tcp_perf_server.o" -o "src/freertos_tcp_perf_server.o" "../src/freertos_tcp_perf_server.c"
'Finished building: ../src/freertos_tcp_perf_server.c'
' '
'Building file: ../src/main.c'
'Invoking: ARM v7 gcc compiler'
arm-none-eabi-gcc -Wall -O0 -g3 -c -fmessage-length=0 -MT"src/main.o" -mcpu=cortex-a9 -mfpu=vfpv3 -mfloat-abi=hard -ID:/ASUS-PC/Desktop/temporary/Vivado2021/Mini_ctrl_brd_zynq/Vitis/system_wrapper/export/system_wrapper/sw/system_wrapper/freertos10_xilinx_ps7_cortexa9_0/bspinclude/include -MMD -MP -MF"src/main.d" -MT"src/main.o" -o "src/main.o" "../src/main.c"
'Finished building: ../src/main.c'
' '
'Building target: Mini_ctrl_brd_zynq.elf'
'Invoking: ARM v7 gcc linker'
arm-none-eabi-gcc -mcpu=cortex-a9 -mfpu=vfpv3 -mfloat-abi=hard -Wl,-build-id=none -specs=Xilinx.spec -Wl,-T -Wl,../src/lscript.ld -LD:/ASUS-PC/Desktop/temporary/Vivado2021/Mini_ctrl_brd_zynq/Vitis/system_wrapper/export/system_wrapper/sw/system_wrapper/freertos10_xilinx_ps7_cortexa9_0/bsplib/lib -o "Mini_ctrl_brd_zynq.elf"  ./src/Lwip_Receive.o ./src/freertos_tcp_perf_server.o ./src/main.o   -Wl,--start-group,-lxil,-lfreertos,-lgcc,-lc,--end-group -Wl,--start-group,-lxil,-llwip4,-lgcc,-lc,--end-group -Wl,--start-group,-lxilffs,-lxil,-lgcc,-lc,--end-group
'Finished building target: Mini_ctrl_brd_zynq.elf'
' '
'Invoking: ARM v7 Print Size'
arm-none-eabi-size Mini_ctrl_brd_zynq.elf  |tee "Mini_ctrl_brd_zynq.elf.size"
   text	   data	    bss	    dec	    hex	filename
 193926	   3400	33626176	33823502	2041b0e	Mini_ctrl_brd_zynq.elf
'Finished building: Mini_ctrl_brd_zynq.elf.size'
' '

15:21:39 Build Finished (took 718ms)

