10:56:31 **** Incremental Build of configuration Debug for project FMCW_module_control ****
make all 
make --no-print-directory pre-build
a9-linaro-pre-build-step
' '
make --no-print-directory main-build
'Building file: ../src/freertos_tcp_perf_client.c'
'Invoking: ARM v7 gcc compiler'
arm-none-eabi-gcc -Wall -O0 -g3 -c -fmessage-length=0 -MT"src/freertos_tcp_perf_client.o" -mcpu=cortex-a9 -mfpu=vfpv3 -mfloat-abi=hard -ID:/ASUS-PC/Desktop/temporary/FMCW_module_control/vitis/system_wrapper/export/system_wrapper/sw/system_wrapper/freertos10_xilinx_ps7_cortexa9_0/bspinclude/include -MMD -MP -MF"src/freertos_tcp_perf_client.d" -MT"src/freertos_tcp_perf_client.o" -o "src/freertos_tcp_perf_client.o" "../src/freertos_tcp_perf_client.c"
'Finished building: ../src/freertos_tcp_perf_client.c'
' '
'Building target: FMCW_module_control.elf'
'Invoking: ARM v7 gcc linker'
arm-none-eabi-gcc -mcpu=cortex-a9 -mfpu=vfpv3 -mfloat-abi=hard -Wl,-build-id=none -specs=Xilinx.spec -Wl,-T -Wl,../src/lscript.ld -LD:/ASUS-PC/Desktop/temporary/FMCW_module_control/vitis/system_wrapper/export/system_wrapper/sw/system_wrapper/freertos10_xilinx_ps7_cortexa9_0/bsplib/lib -o "FMCW_module_control.elf"  ./src/freertos_tcp_perf_client.o ./src/iic_phyreset.o ./src/main.o   -Wl,--start-group,-lxil,-lfreertos,-lgcc,-lc,--end-group -Wl,--start-group,-lxil,-llwip4,-lgcc,-lc,--end-group
'Finished building target: FMCW_module_control.elf'
' '
'Invoking: ARM v7 Print Size'
arm-none-eabi-size FMCW_module_control.elf  |tee "FMCW_module_control.elf.size"
   text	   data	    bss	    dec	    hex	filename
 186562	   3400	32643136	32833098	1f4fe4a	FMCW_module_control.elf
'Finished building: FMCW_module_control.elf.size'
' '

10:56:34 Build Finished (took 2s.954ms)

